// Jest Snapshot v1, https://goo.gl/fbAQLP

exports[`MyComponent should render correct markup 1`] = `
<div
  className="main"
>
  Hello
</div>
`;
